Processor: N=2929 N2=8579041 M=881 A2=2048 B2=512 beta=9 high_bit_posN=11
Compiler: p=29 q=101 phi=2800 k=5 g=14646 Nm1=369 p1Nk1N=2266 rnd=17 rndN=2106664
entries : [17575=1+N*6]
input   : [7283146=289^N*|1+Nk*7] (2486.1651)
key=[7965603=289^N*|1+Nk*1] (2719.1651)		sum=[7752339=1509^N*|1+Nk*0] (2646.2204)
key=[7580137=1248^N*|1+Nk*3] (2587.2813)		sum=[3871122=2609^N*|1+Nk*0] (1321.1912)
key=[5422827=2814^N*|1+Nk*5] (1851.1247)		sum=[4053621=1248^N*|1+Nk*0] (1383.2813)
key=[843437=1248^N*|1+Nk*7] (287.2813)		sum=[4943136=2609^N*|1+Nk*8] (1687.1912)
key=[1319298=2814^N*|1+Nk*9] (450.1247)		sum=[7738303=1248^N*|1+Nk*8] (2641.2813)
key=[2685778=1248^N*|1+Nk*11] (916.2813)		sum=[5656304=405^N*|1+Nk*8] (1931.404)
